Certificate: X.509 certificate
version 3
serial 00d7 9549 bd1a 6717  51
algorithm ECDSA-SHA256
issuer /CN=FT FIDO 0200
valid from 2019-02-26 00:00:00 +00:00 until 2034-02-25 23:59:59 +00:00
subject /CN=FT FIDO P2047001341412
extensions id-fido-u2f-ce-transports NFC,USB,BluetoothLowEnergy
subjectKeyIdentifier 525e a96c 47b9 a479  33a0 9b48 71c3 98df  6407 aaa4 

